tune-sgd-lr0.01: lr=0.01 precision=fp32 step0=2.269062
  epoch 01/20: train=0.5797 val=0.5787 acc=0.7569 F1=0.5106 grad=0.435 scaler_skips=0 0.3s
  epoch 02/20: train=0.5310 val=0.5299 acc=0.7760 F1=0.5838 grad=0.496 scaler_skips=0 0.3s
  epoch 03/20: train=0.4962 val=0.4971 acc=0.7895 F1=0.6104 grad=0.617 scaler_skips=0 0.3s
  epoch 04/20: train=0.4696 val=0.4705 acc=0.8007 F1=0.6390 grad=0.683 scaler_skips=0 0.3s
  epoch 05/20: train=0.4536 val=0.4558 acc=0.8073 F1=0.6468 grad=0.802 scaler_skips=0 0.3s
  epoch 06/20: train=0.4388 val=0.4415 acc=0.8143 F1=0.6596 grad=0.886 scaler_skips=0 0.3s
  epoch 07/20: train=0.4129 val=0.4184 acc=0.8241 F1=0.6731 grad=1.001 scaler_skips=0 0.3s
  epoch 08/20: train=0.3954 val=0.4009 acc=0.8339 F1=0.6890 grad=1.008 scaler_skips=0 0.3s
  epoch 09/20: train=0.3797 val=0.3864 acc=0.8414 F1=0.6928 grad=1.078 scaler_skips=0 0.3s
  epoch 10/20: train=0.3737 val=0.3787 acc=0.8434 F1=0.7087 grad=1.148 scaler_skips=0 0.3s
  epoch 11/20: train=0.3681 val=0.3740 acc=0.8435 F1=0.7035 grad=1.140 scaler_skips=0 0.3s
  epoch 12/20: train=0.3605 val=0.3671 acc=0.8495 F1=0.7251 grad=1.231 scaler_skips=0 0.3s
  epoch 13/20: train=0.3463 val=0.3537 acc=0.8556 F1=0.7193 grad=1.229 scaler_skips=0 0.3s
  epoch 14/20: train=0.3390 val=0.3487 acc=0.8557 F1=0.7394 grad=1.245 scaler_skips=0 0.3s
  epoch 15/20: train=0.3443 val=0.3528 acc=0.8551 F1=0.7394 grad=1.335 scaler_skips=0 0.3s
  epoch 16/20: train=0.3312 val=0.3411 acc=0.8594 F1=0.7578 grad=1.316 scaler_skips=0 0.3s
  epoch 17/20: train=0.3379 val=0.3464 acc=0.8569 F1=0.7353 grad=1.360 scaler_skips=0 0.3s
  epoch 18/20: train=0.3168 val=0.3289 acc=0.8628 F1=0.7445 grad=1.419 scaler_skips=0 0.3s
  epoch 19/20: train=0.3110 val=0.3228 acc=0.8680 F1=0.7601 grad=1.367 scaler_skips=0 0.3s
  epoch 20/20: train=0.3288 val=0.3395 acc=0.8591 F1=0.7497 grad=1.435 scaler_skips=0 0.3s
tune-sgd-lr0.05: lr=0.05 precision=fp32 step0=2.269062
  epoch 01/20: train=0.5004 val=0.4994 acc=0.7829 F1=0.6136 grad=0.561 scaler_skips=0 0.3s
  epoch 02/20: train=0.4276 val=0.4333 acc=0.8168 F1=0.6886 grad=0.678 scaler_skips=0 0.3s
  epoch 03/20: train=0.3968 val=0.4032 acc=0.8305 F1=0.7151 grad=0.744 scaler_skips=0 0.3s
  epoch 04/20: train=0.3857 val=0.3931 acc=0.8342 F1=0.7198 grad=0.779 scaler_skips=0 0.3s
  epoch 05/20: train=0.3506 val=0.3592 acc=0.8502 F1=0.7172 grad=0.780 scaler_skips=0 0.3s
  epoch 06/20: train=0.3228 val=0.3324 acc=0.8624 F1=0.7669 grad=0.783 scaler_skips=0 0.3s
  epoch 07/20: train=0.3297 val=0.3387 acc=0.8574 F1=0.7533 grad=0.790 scaler_skips=0 0.3s
  epoch 08/20: train=0.3024 val=0.3139 acc=0.8714 F1=0.7741 grad=0.788 scaler_skips=0 0.3s
  epoch 09/20: train=0.3081 val=0.3181 acc=0.8726 F1=0.7501 grad=0.816 scaler_skips=0 0.3s
  epoch 10/20: train=0.2783 val=0.2930 acc=0.8790 F1=0.7928 grad=0.794 scaler_skips=0 0.3s
  epoch 11/20: train=0.2688 val=0.2816 acc=0.8840 F1=0.8073 grad=0.807 scaler_skips=0 0.3s
  epoch 12/20: train=0.2738 val=0.2874 acc=0.8829 F1=0.8148 grad=0.810 scaler_skips=0 0.3s
  epoch 13/20: train=0.2544 val=0.2689 acc=0.8913 F1=0.8209 grad=0.798 scaler_skips=0 0.3s
  epoch 14/20: train=0.2497 val=0.2656 acc=0.8916 F1=0.8123 grad=0.787 scaler_skips=0 0.3s
  epoch 15/20: train=0.2532 val=0.2690 acc=0.8891 F1=0.8154 grad=0.795 scaler_skips=0 0.3s
  epoch 16/20: train=0.2572 val=0.2773 acc=0.8874 F1=0.8118 grad=0.804 scaler_skips=0 0.3s
  epoch 17/20: train=0.2414 val=0.2560 acc=0.8965 F1=0.8394 grad=0.790 scaler_skips=0 0.3s
  epoch 18/20: train=0.2551 val=0.2737 acc=0.8916 F1=0.8314 grad=0.800 scaler_skips=0 0.3s
  epoch 19/20: train=0.2345 val=0.2571 acc=0.8959 F1=0.8353 grad=0.801 scaler_skips=0 0.3s
  epoch 20/20: train=0.2259 val=0.2468 acc=0.9001 F1=0.8349 grad=0.798 scaler_skips=0 0.3s
base-s2: lr=0.05 precision=fp32 step0=1.978156
  epoch 01/20: train=0.5065 val=0.5072 acc=0.7780 F1=0.5962 grad=0.571 scaler_skips=0 0.3s
  epoch 02/20: train=0.4282 val=0.4313 acc=0.8185 F1=0.6834 grad=0.689 scaler_skips=0 0.3s
  epoch 03/20: train=0.3926 val=0.3998 acc=0.8347 F1=0.7196 grad=0.736 scaler_skips=0 0.3s
  epoch 04/20: train=0.3664 val=0.3751 acc=0.8434 F1=0.7201 grad=0.735 scaler_skips=0 0.3s
  epoch 05/20: train=0.3677 val=0.3759 acc=0.8439 F1=0.7339 grad=0.754 scaler_skips=0 0.3s
  epoch 06/20: train=0.3427 val=0.3572 acc=0.8501 F1=0.7265 grad=0.767 scaler_skips=0 0.3s
  epoch 07/20: train=0.3139 val=0.3266 acc=0.8657 F1=0.7677 grad=0.764 scaler_skips=0 0.3s
  epoch 08/20: train=0.3364 val=0.3482 acc=0.8570 F1=0.7584 grad=0.798 scaler_skips=0 0.3s
  epoch 09/20: train=0.2904 val=0.3048 acc=0.8769 F1=0.8021 grad=0.792 scaler_skips=0 0.3s
  epoch 10/20: train=0.2863 val=0.2995 acc=0.8790 F1=0.7992 grad=0.786 scaler_skips=0 0.3s
  epoch 11/20: train=0.2838 val=0.2964 acc=0.8792 F1=0.8032 grad=0.770 scaler_skips=0 0.3s
  epoch 12/20: train=0.2752 val=0.2910 acc=0.8832 F1=0.7845 grad=0.793 scaler_skips=0 0.3s
  epoch 13/20: train=0.2722 val=0.2882 acc=0.8811 F1=0.8113 grad=0.769 scaler_skips=0 0.3s
  epoch 14/20: train=0.2669 val=0.2860 acc=0.8844 F1=0.8234 grad=0.777 scaler_skips=0 0.3s
  epoch 15/20: train=0.2510 val=0.2700 acc=0.8899 F1=0.8151 grad=0.770 scaler_skips=0 0.3s
  epoch 16/20: train=0.2606 val=0.2796 acc=0.8896 F1=0.8221 grad=0.759 scaler_skips=0 0.3s
  epoch 17/20: train=0.2437 val=0.2635 acc=0.8914 F1=0.8291 grad=0.764 scaler_skips=0 0.3s
  epoch 18/20: train=0.2371 val=0.2551 acc=0.8968 F1=0.8324 grad=0.760 scaler_skips=0 0.3s
  epoch 19/20: train=0.2357 val=0.2554 acc=0.8987 F1=0.8314 grad=0.767 scaler_skips=0 0.3s
  epoch 20/20: train=0.2471 val=0.2650 acc=0.8930 F1=0.8232 grad=0.767 scaler_skips=0 0.3s
base-s3: lr=0.05 precision=fp32 step0=1.900540
  epoch 01/20: train=0.4951 val=0.4975 acc=0.7850 F1=0.6426 grad=0.566 scaler_skips=0 0.3s
  epoch 02/20: train=0.4404 val=0.4434 acc=0.8083 F1=0.6728 grad=0.729 scaler_skips=0 0.3s
  epoch 03/20: train=0.3850 val=0.3883 acc=0.8373 F1=0.7065 grad=0.762 scaler_skips=0 0.3s
  epoch 04/20: train=0.3568 val=0.3662 acc=0.8469 F1=0.7298 grad=0.814 scaler_skips=0 0.3s
  epoch 05/20: train=0.3361 val=0.3436 acc=0.8573 F1=0.7547 grad=0.814 scaler_skips=0 0.3s
  epoch 06/20: train=0.3196 val=0.3279 acc=0.8657 F1=0.7681 grad=0.837 scaler_skips=0 0.3s
  epoch 07/20: train=0.3151 val=0.3277 acc=0.8625 F1=0.7671 grad=0.838 scaler_skips=0 0.3s
  epoch 08/20: train=0.2962 val=0.3056 acc=0.8750 F1=0.7755 grad=0.822 scaler_skips=0 0.3s
  epoch 09/20: train=0.2977 val=0.3118 acc=0.8723 F1=0.7898 grad=0.826 scaler_skips=0 0.3s
  epoch 10/20: train=0.2700 val=0.2815 acc=0.8852 F1=0.8038 grad=0.807 scaler_skips=0 0.3s
  epoch 11/20: train=0.2755 val=0.2896 acc=0.8827 F1=0.8135 grad=0.833 scaler_skips=0 0.3s
  epoch 12/20: train=0.2629 val=0.2755 acc=0.8892 F1=0.8126 grad=0.788 scaler_skips=0 0.3s
  epoch 13/20: train=0.2675 val=0.2838 acc=0.8841 F1=0.8094 grad=0.792 scaler_skips=0 0.3s
  epoch 14/20: train=0.2557 val=0.2713 acc=0.8890 F1=0.8086 grad=0.803 scaler_skips=0 0.3s
  epoch 15/20: train=0.2530 val=0.2690 acc=0.8915 F1=0.8301 grad=0.820 scaler_skips=0 0.3s
  epoch 16/20: train=0.2424 val=0.2598 acc=0.8942 F1=0.8214 grad=0.793 scaler_skips=0 0.3s
  epoch 17/20: train=0.2391 val=0.2579 acc=0.8952 F1=0.8347 grad=0.835 scaler_skips=0 0.3s
  epoch 18/20: train=0.2336 val=0.2528 acc=0.8970 F1=0.8269 grad=0.807 scaler_skips=0 0.3s
  epoch 19/20: train=0.2300 val=0.2506 acc=0.8975 F1=0.8361 grad=0.779 scaler_skips=0 0.3s
  epoch 20/20: train=0.2425 val=0.2618 acc=0.8933 F1=0.8259 grad=0.799 scaler_skips=0 0.3s
loss-mse: lr=0.05 precision=fp32 step0=0.635850
  epoch 01/20: train=0.0520 val=0.0517 acc=0.7522 F1=0.4369 grad=0.067 scaler_skips=0 0.3s
  epoch 02/20: train=0.0479 val=0.0477 acc=0.7714 F1=0.4721 grad=0.052 scaler_skips=0 0.3s
  epoch 03/20: train=0.0452 val=0.0451 acc=0.7851 F1=0.4990 grad=0.057 scaler_skips=0 0.3s
  epoch 04/20: train=0.0436 val=0.0436 acc=0.7930 F1=0.5356 grad=0.064 scaler_skips=0 0.3s
  epoch 05/20: train=0.0420 val=0.0421 acc=0.8026 F1=0.5565 grad=0.068 scaler_skips=0 0.3s
  epoch 06/20: train=0.0403 val=0.0405 acc=0.8103 F1=0.5962 grad=0.074 scaler_skips=0 0.3s
  epoch 07/20: train=0.0394 val=0.0397 acc=0.8157 F1=0.5994 grad=0.077 scaler_skips=0 0.3s
  epoch 08/20: train=0.0383 val=0.0387 acc=0.8205 F1=0.6183 grad=0.080 scaler_skips=0 0.3s
  epoch 09/20: train=0.0374 val=0.0378 acc=0.8244 F1=0.6228 grad=0.086 scaler_skips=0 0.3s
  epoch 10/20: train=0.0368 val=0.0371 acc=0.8287 F1=0.6376 grad=0.086 scaler_skips=0 0.3s
  epoch 11/20: train=0.0363 val=0.0367 acc=0.8303 F1=0.6269 grad=0.091 scaler_skips=0 0.3s
  epoch 12/20: train=0.0363 val=0.0367 acc=0.8321 F1=0.6368 grad=0.092 scaler_skips=0 0.3s
  epoch 13/20: train=0.0352 val=0.0356 acc=0.8379 F1=0.6480 grad=0.093 scaler_skips=0 0.3s
  epoch 14/20: train=0.0341 val=0.0345 acc=0.8420 F1=0.6574 grad=0.097 scaler_skips=0 0.3s
  epoch 15/20: train=0.0338 val=0.0343 acc=0.8444 F1=0.6620 grad=0.099 scaler_skips=0 0.3s
  epoch 16/20: train=0.0335 val=0.0340 acc=0.8461 F1=0.6773 grad=0.103 scaler_skips=0 0.3s
  epoch 17/20: train=0.0330 val=0.0336 acc=0.8479 F1=0.6614 grad=0.104 scaler_skips=0 0.3s
  epoch 18/20: train=0.0326 val=0.0331 acc=0.8499 F1=0.6792 grad=0.105 scaler_skips=0 0.3s
  epoch 19/20: train=0.0320 val=0.0325 acc=0.8537 F1=0.6857 grad=0.111 scaler_skips=0 0.3s
  epoch 20/20: train=0.0316 val=0.0322 acc=0.8546 F1=0.6965 grad=0.108 scaler_skips=0 0.3s
opt-adam-lr0.001: lr=0.001 precision=fp32 step0=2.269062
  epoch 01/20: train=0.4879 val=0.4872 acc=0.7897 F1=0.6080 grad=0.550 scaler_skips=0 0.4s
  epoch 02/20: train=0.4210 val=0.4245 acc=0.8221 F1=0.6964 grad=0.695 scaler_skips=0 0.4s
  epoch 03/20: train=0.3866 val=0.3933 acc=0.8331 F1=0.7316 grad=0.755 scaler_skips=0 0.4s
  epoch 04/20: train=0.3550 val=0.3636 acc=0.8498 F1=0.7490 grad=0.767 scaler_skips=0 0.4s
  epoch 05/20: train=0.3366 val=0.3449 acc=0.8580 F1=0.7567 grad=0.825 scaler_skips=0 0.4s
  epoch 06/20: train=0.3233 val=0.3347 acc=0.8627 F1=0.7837 grad=0.863 scaler_skips=0 0.4s
  epoch 07/20: train=0.3166 val=0.3301 acc=0.8612 F1=0.7753 grad=0.919 scaler_skips=0 0.4s
  epoch 08/20: train=0.2951 val=0.3076 acc=0.8742 F1=0.7846 grad=0.895 scaler_skips=0 0.4s
  epoch 09/20: train=0.2827 val=0.2975 acc=0.8789 F1=0.7785 grad=0.912 scaler_skips=0 0.4s
  epoch 10/20: train=0.2764 val=0.2910 acc=0.8801 F1=0.8076 grad=0.919 scaler_skips=0 0.4s
  epoch 11/20: train=0.2620 val=0.2753 acc=0.8877 F1=0.8143 grad=0.920 scaler_skips=0 0.4s
  epoch 12/20: train=0.2676 val=0.2809 acc=0.8856 F1=0.8182 grad=0.944 scaler_skips=0 0.4s
  epoch 13/20: train=0.2576 val=0.2725 acc=0.8893 F1=0.8266 grad=0.940 scaler_skips=0 0.4s
  epoch 14/20: train=0.2474 val=0.2649 acc=0.8925 F1=0.8236 grad=0.955 scaler_skips=0 0.4s
  epoch 15/20: train=0.2375 val=0.2560 acc=0.8975 F1=0.8368 grad=0.985 scaler_skips=0 0.4s
  epoch 16/20: train=0.2424 val=0.2604 acc=0.8956 F1=0.8422 grad=1.022 scaler_skips=0 0.4s
  epoch 17/20: train=0.2375 val=0.2555 acc=0.8967 F1=0.8398 grad=1.045 scaler_skips=0 0.4s
  epoch 18/20: train=0.2300 val=0.2489 acc=0.9005 F1=0.8382 grad=1.020 scaler_skips=0 0.4s
  epoch 19/20: train=0.2251 val=0.2472 acc=0.9008 F1=0.8514 grad=1.037 scaler_skips=0 0.4s
  epoch 20/20: train=0.2204 val=0.2412 acc=0.9029 F1=0.8462 grad=1.024 scaler_skips=0 0.4s
opt-adam-lr0.003: lr=0.003 precision=fp32 step0=2.269062
  epoch 01/20: train=0.4434 val=0.4438 acc=0.8099 F1=0.6810 grad=0.637 scaler_skips=0 0.4s
  epoch 02/20: train=0.3602 val=0.3695 acc=0.8463 F1=0.7493 grad=0.668 scaler_skips=0 0.4s
  epoch 03/20: train=0.3279 val=0.3387 acc=0.8594 F1=0.7882 grad=0.682 scaler_skips=0 0.4s
  epoch 04/20: train=0.3002 val=0.3107 acc=0.8720 F1=0.8033 grad=0.680 scaler_skips=0 0.4s
  epoch 05/20: train=0.2797 val=0.2906 acc=0.8806 F1=0.8142 grad=0.693 scaler_skips=0 0.4s
  epoch 06/20: train=0.2678 val=0.2839 acc=0.8832 F1=0.8248 grad=0.692 scaler_skips=0 0.4s
  epoch 07/20: train=0.2584 val=0.2759 acc=0.8880 F1=0.8196 grad=0.708 scaler_skips=0 0.4s
  epoch 08/20: train=0.2473 val=0.2645 acc=0.8927 F1=0.8343 grad=0.685 scaler_skips=0 0.4s
  epoch 09/20: train=0.2311 val=0.2552 acc=0.8964 F1=0.8310 grad=0.688 scaler_skips=0 0.4s
  epoch 10/20: train=0.2290 val=0.2516 acc=0.8970 F1=0.8468 grad=0.692 scaler_skips=0 0.4s
  epoch 11/20: train=0.2237 val=0.2437 acc=0.9007 F1=0.8501 grad=0.674 scaler_skips=0 0.4s
  epoch 12/20: train=0.2128 val=0.2331 acc=0.9059 F1=0.8628 grad=0.675 scaler_skips=0 0.4s
  epoch 13/20: train=0.2072 val=0.2322 acc=0.9070 F1=0.8607 grad=0.701 scaler_skips=0 0.4s
  epoch 14/20: train=0.1940 val=0.2237 acc=0.9108 F1=0.8612 grad=0.701 scaler_skips=0 0.4s
  epoch 15/20: train=0.1993 val=0.2271 acc=0.9086 F1=0.8615 grad=0.703 scaler_skips=0 0.4s
  epoch 16/20: train=0.1898 val=0.2188 acc=0.9122 F1=0.8687 grad=0.712 scaler_skips=0 0.4s
  epoch 17/20: train=0.1967 val=0.2240 acc=0.9103 F1=0.8654 grad=0.714 scaler_skips=0 0.4s
  epoch 18/20: train=0.2031 val=0.2343 acc=0.9071 F1=0.8619 grad=0.698 scaler_skips=0 0.4s
  epoch 19/20: train=0.1902 val=0.2222 acc=0.9114 F1=0.8727 grad=0.712 scaler_skips=0 0.4s
  epoch 20/20: train=0.1811 val=0.2129 acc=0.9145 F1=0.8688 grad=0.709 scaler_skips=0 0.4s
batch-256: lr=0.05 precision=fp32 step0=2.269062
  epoch 01/20: train=0.4848 val=0.4857 acc=0.7930 F1=0.6406 grad=0.645 scaler_skips=0 0.7s
  epoch 02/20: train=0.3974 val=0.4017 acc=0.8325 F1=0.7092 grad=0.709 scaler_skips=0 0.6s
  epoch 03/20: train=0.3603 val=0.3682 acc=0.8448 F1=0.7443 grad=0.728 scaler_skips=0 0.6s
  epoch 04/20: train=0.3235 val=0.3354 acc=0.8622 F1=0.7762 grad=0.744 scaler_skips=0 0.7s
  epoch 05/20: train=0.3168 val=0.3303 acc=0.8635 F1=0.7518 grad=0.743 scaler_skips=0 0.7s
  epoch 06/20: train=0.2939 val=0.3068 acc=0.8744 F1=0.7965 grad=0.750 scaler_skips=0 0.6s
  epoch 07/20: train=0.2907 val=0.3053 acc=0.8734 F1=0.8066 grad=0.744 scaler_skips=0 0.6s
  epoch 08/20: train=0.2659 val=0.2799 acc=0.8855 F1=0.8166 grad=0.748 scaler_skips=0 0.6s
  epoch 09/20: train=0.2678 val=0.2824 acc=0.8852 F1=0.8151 grad=0.759 scaler_skips=0 0.6s
  epoch 10/20: train=0.2442 val=0.2649 acc=0.8927 F1=0.8378 grad=0.753 scaler_skips=0 0.6s
  epoch 11/20: train=0.2475 val=0.2669 acc=0.8894 F1=0.8283 grad=0.754 scaler_skips=0 0.6s
  epoch 12/20: train=0.2359 val=0.2518 acc=0.8977 F1=0.8428 grad=0.754 scaler_skips=0 0.6s
  epoch 13/20: train=0.2290 val=0.2489 acc=0.8998 F1=0.8409 grad=0.744 scaler_skips=0 0.6s
  epoch 14/20: train=0.2233 val=0.2427 acc=0.9019 F1=0.8417 grad=0.753 scaler_skips=0 0.6s
  epoch 15/20: train=0.2152 val=0.2366 acc=0.9039 F1=0.8437 grad=0.748 scaler_skips=0 0.6s
  epoch 16/20: train=0.2162 val=0.2387 acc=0.9039 F1=0.8504 grad=0.749 scaler_skips=0 0.6s
  epoch 17/20: train=0.2129 val=0.2342 acc=0.9072 F1=0.8541 grad=0.748 scaler_skips=0 0.6s
  epoch 18/20: train=0.2313 val=0.2529 acc=0.8993 F1=0.8456 grad=0.752 scaler_skips=0 0.6s
  epoch 19/20: train=0.2103 val=0.2349 acc=0.9062 F1=0.8545 grad=0.750 scaler_skips=0 0.6s
  epoch 20/20: train=0.2034 val=0.2251 acc=0.9106 F1=0.8612 grad=0.749 scaler_skips=0 0.6s
drop-01: lr=0.05 precision=fp32 step0=2.269062
  epoch 01/20: train=0.5166 val=0.5138 acc=0.7805 F1=0.5778 grad=0.393 scaler_skips=0 0.4s
  epoch 02/20: train=0.4675 val=0.4674 acc=0.8040 F1=0.6443 grad=0.386 scaler_skips=0 0.3s
  epoch 03/20: train=0.4283 val=0.4307 acc=0.8172 F1=0.6747 grad=0.396 scaler_skips=0 0.3s
  epoch 04/20: train=0.4048 val=0.4087 acc=0.8280 F1=0.7023 grad=0.395 scaler_skips=0 0.3s
  epoch 05/20: train=0.3824 val=0.3876 acc=0.8378 F1=0.7130 grad=0.407 scaler_skips=0 0.3s
  epoch 06/20: train=0.3633 val=0.3684 acc=0.8463 F1=0.7351 grad=0.408 scaler_skips=0 0.3s
  epoch 07/20: train=0.3509 val=0.3565 acc=0.8510 F1=0.7285 grad=0.411 scaler_skips=0 0.3s
  epoch 08/20: train=0.3433 val=0.3499 acc=0.8556 F1=0.7524 grad=0.417 scaler_skips=0 0.3s
  epoch 09/20: train=0.3278 val=0.3344 acc=0.8609 F1=0.7496 grad=0.417 scaler_skips=0 0.3s
  epoch 10/20: train=0.3218 val=0.3283 acc=0.8642 F1=0.7646 grad=0.424 scaler_skips=0 0.3s
  epoch 11/20: train=0.3130 val=0.3215 acc=0.8668 F1=0.7756 grad=0.426 scaler_skips=0 0.3s
  epoch 12/20: train=0.3098 val=0.3165 acc=0.8704 F1=0.7869 grad=0.428 scaler_skips=0 0.3s
  epoch 13/20: train=0.2949 val=0.3024 acc=0.8766 F1=0.7945 grad=0.432 scaler_skips=0 0.3s
  epoch 14/20: train=0.2944 val=0.3035 acc=0.8766 F1=0.7947 grad=0.429 scaler_skips=0 0.3s
  epoch 15/20: train=0.2832 val=0.2922 acc=0.8822 F1=0.8070 grad=0.431 scaler_skips=0 0.3s
  epoch 16/20: train=0.2785 val=0.2877 acc=0.8842 F1=0.8129 grad=0.434 scaler_skips=0 0.3s
  epoch 17/20: train=0.2754 val=0.2846 acc=0.8850 F1=0.8095 grad=0.436 scaler_skips=0 0.3s
  epoch 18/20: train=0.2696 val=0.2784 acc=0.8875 F1=0.8151 grad=0.438 scaler_skips=0 0.3s
  epoch 19/20: train=0.2659 val=0.2771 acc=0.8883 F1=0.8180 grad=0.437 scaler_skips=0 0.3s
  epoch 20/20: train=0.2626 val=0.2722 acc=0.8900 F1=0.8278 grad=0.437 scaler_skips=0 0.3s
clip-normal: lr=0.05 precision=fp32 step0=2.269062
  epoch 01/20: train=0.4953 val=0.4950 acc=0.7865 F1=0.6206 grad=0.583 scaler_skips=0 0.3s
  epoch 02/20: train=0.4285 val=0.4345 acc=0.8157 F1=0.6893 grad=0.716 scaler_skips=0 0.3s
  epoch 03/20: train=0.3953 val=0.4023 acc=0.8294 F1=0.7050 grad=0.761 scaler_skips=0 0.3s
  epoch 04/20: train=0.3691 val=0.3772 acc=0.8432 F1=0.7351 grad=0.811 scaler_skips=0 0.3s
  epoch 05/20: train=0.3524 val=0.3634 acc=0.8466 F1=0.7099 grad=0.830 scaler_skips=0 0.3s
  epoch 06/20: train=0.3201 val=0.3313 acc=0.8629 F1=0.7652 grad=0.831 scaler_skips=0 0.3s
  epoch 07/20: train=0.3289 val=0.3398 acc=0.8578 F1=0.7544 grad=0.837 scaler_skips=0 0.3s
  epoch 08/20: train=0.3055 val=0.3172 acc=0.8703 F1=0.7725 grad=0.841 scaler_skips=0 0.3s
  epoch 09/20: train=0.3155 val=0.3261 acc=0.8672 F1=0.7445 grad=0.855 scaler_skips=0 0.3s
  epoch 10/20: train=0.2843 val=0.3027 acc=0.8754 F1=0.7927 grad=0.841 scaler_skips=0 0.3s
  epoch 11/20: train=0.2715 val=0.2839 acc=0.8826 F1=0.8012 grad=0.831 scaler_skips=0 0.3s
  epoch 12/20: train=0.2751 val=0.2893 acc=0.8802 F1=0.8065 grad=0.837 scaler_skips=0 0.3s
  epoch 13/20: train=0.2715 val=0.2879 acc=0.8840 F1=0.8121 grad=0.841 scaler_skips=0 0.3s
  epoch 14/20: train=0.2591 val=0.2753 acc=0.8871 F1=0.8018 grad=0.847 scaler_skips=0 0.3s
  epoch 15/20: train=0.2499 val=0.2677 acc=0.8903 F1=0.8138 grad=0.845 scaler_skips=0 0.3s
  epoch 16/20: train=0.2517 val=0.2727 acc=0.8885 F1=0.8167 grad=0.837 scaler_skips=0 0.3s
  epoch 17/20: train=0.2520 val=0.2679 acc=0.8925 F1=0.8276 grad=0.849 scaler_skips=0 0.3s
  epoch 18/20: train=0.2556 val=0.2750 acc=0.8891 F1=0.8228 grad=0.860 scaler_skips=0 0.3s
  epoch 19/20: train=0.2349 val=0.2550 acc=0.8966 F1=0.8331 grad=0.839 scaler_skips=0 0.3s
  epoch 20/20: train=0.2319 val=0.2525 acc=0.8978 F1=0.8324 grad=0.847 scaler_skips=0 0.3s
highlr-no-clip: lr=0.5 precision=fp32 step0=2.269062
  epoch 01/20: train=0.4517 val=0.4541 acc=0.8102 F1=0.6582 grad=0.333 scaler_skips=0 0.3s
  epoch 02/20: train=0.4078 val=0.4172 acc=0.8288 F1=0.7010 grad=0.307 scaler_skips=0 0.3s
  epoch 03/20: train=0.3492 val=0.3593 acc=0.8512 F1=0.7615 grad=0.302 scaler_skips=0 0.3s
  epoch 04/20: train=0.3414 val=0.3492 acc=0.8567 F1=0.7385 grad=0.297 scaler_skips=0 0.3s
  epoch 05/20: train=0.3336 val=0.3430 acc=0.8602 F1=0.7289 grad=0.301 scaler_skips=0 0.3s
  epoch 06/20: train=0.3166 val=0.3251 acc=0.8697 F1=0.7808 grad=0.298 scaler_skips=0 0.3s
  epoch 07/20: train=0.3013 val=0.3153 acc=0.8694 F1=0.7728 grad=0.297 scaler_skips=0 0.3s
  epoch 08/20: train=0.2788 val=0.2911 acc=0.8796 F1=0.8061 grad=0.293 scaler_skips=0 0.3s
  epoch 09/20: train=0.2766 val=0.2924 acc=0.8819 F1=0.7991 grad=0.296 scaler_skips=0 0.3s
  epoch 10/20: train=0.2653 val=0.2836 acc=0.8868 F1=0.8134 grad=0.295 scaler_skips=0 0.3s
  epoch 11/20: train=0.2704 val=0.2863 acc=0.8836 F1=0.8077 grad=0.293 scaler_skips=0 0.3s
  epoch 12/20: train=0.2815 val=0.2966 acc=0.8817 F1=0.8215 grad=0.291 scaler_skips=0 0.3s
  epoch 13/20: train=0.2621 val=0.2830 acc=0.8883 F1=0.8155 grad=0.292 scaler_skips=0 0.3s
  epoch 14/20: train=0.2445 val=0.2653 acc=0.8939 F1=0.8194 grad=0.290 scaler_skips=0 0.3s
  epoch 15/20: train=0.2504 val=0.2718 acc=0.8901 F1=0.8156 grad=0.290 scaler_skips=0 0.3s
  epoch 16/20: train=0.2518 val=0.2708 acc=0.8904 F1=0.8196 grad=0.288 scaler_skips=0 0.3s
  epoch 17/20: train=0.2427 val=0.2608 acc=0.8962 F1=0.8175 grad=0.288 scaler_skips=0 0.3s
  epoch 18/20: train=0.2473 val=0.2695 acc=0.8963 F1=0.8334 grad=0.287 scaler_skips=0 0.3s
  epoch 19/20: train=0.2427 val=0.2666 acc=0.8958 F1=0.8298 grad=0.291 scaler_skips=0 0.3s
  epoch 20/20: train=0.2340 val=0.2550 acc=0.8992 F1=0.8385 grad=0.288 scaler_skips=0 0.3s
highlr-clip: lr=0.5 precision=fp32 step0=2.269062
  epoch 01/20: train=0.4343 val=0.4378 acc=0.8146 F1=0.6917 grad=0.348 scaler_skips=0 0.3s
  epoch 02/20: train=0.3953 val=0.4018 acc=0.8289 F1=0.7109 grad=0.308 scaler_skips=0 0.3s
  epoch 03/20: train=0.3308 val=0.3401 acc=0.8583 F1=0.7730 grad=0.304 scaler_skips=0 0.3s
  epoch 04/20: train=0.3168 val=0.3279 acc=0.8659 F1=0.7837 grad=0.303 scaler_skips=0 0.3s
  epoch 05/20: train=0.2968 val=0.3103 acc=0.8727 F1=0.7771 grad=0.299 scaler_skips=0 0.3s
  epoch 06/20: train=0.2888 val=0.3001 acc=0.8776 F1=0.8066 grad=0.298 scaler_skips=0 0.3s
  epoch 07/20: train=0.2830 val=0.2996 acc=0.8780 F1=0.7842 grad=0.292 scaler_skips=0 0.3s
  epoch 08/20: train=0.2673 val=0.2816 acc=0.8874 F1=0.8106 grad=0.291 scaler_skips=0 0.3s
  epoch 09/20: train=0.2507 val=0.2653 acc=0.8934 F1=0.8282 grad=0.292 scaler_skips=0 0.3s
  epoch 10/20: train=0.2487 val=0.2674 acc=0.8951 F1=0.8316 grad=0.292 scaler_skips=0 0.3s
  epoch 11/20: train=0.2386 val=0.2591 acc=0.8967 F1=0.8259 grad=0.288 scaler_skips=0 0.3s
  epoch 12/20: train=0.2411 val=0.2589 acc=0.8986 F1=0.8325 grad=0.290 scaler_skips=0 0.3s
  epoch 13/20: train=0.2378 val=0.2538 acc=0.9002 F1=0.8457 grad=0.290 scaler_skips=0 0.3s
  epoch 14/20: train=0.2288 val=0.2503 acc=0.9014 F1=0.8402 grad=0.289 scaler_skips=0 0.3s
  epoch 15/20: train=0.2315 val=0.2566 acc=0.8993 F1=0.8369 grad=0.287 scaler_skips=0 0.3s
  epoch 16/20: train=0.2117 val=0.2337 acc=0.9096 F1=0.8552 grad=0.288 scaler_skips=0 0.3s
  epoch 17/20: train=0.2132 val=0.2386 acc=0.9058 F1=0.8521 grad=0.287 scaler_skips=0 0.3s
  epoch 18/20: train=0.2297 val=0.2559 acc=0.9001 F1=0.8321 grad=0.284 scaler_skips=0 0.3s
  epoch 19/20: train=0.2123 val=0.2379 acc=0.9084 F1=0.8556 grad=0.286 scaler_skips=0 0.3s
  epoch 20/20: train=0.2211 val=0.2388 acc=0.9067 F1=0.8382 grad=0.283 scaler_skips=0 0.3s
amp-bf16: lr=0.05 precision=bf16 step0=2.269062
  epoch 01/20: train=0.4987 val=0.4977 acc=0.7850 F1=0.6147 grad=0.559 scaler_skips=0 0.4s
  epoch 02/20: train=0.4278 val=0.4332 acc=0.8186 F1=0.6892 grad=0.677 scaler_skips=0 0.4s
  epoch 03/20: train=0.3976 val=0.4047 acc=0.8284 F1=0.7146 grad=0.743 scaler_skips=0 0.4s
  epoch 04/20: train=0.3706 val=0.3782 acc=0.8420 F1=0.7252 grad=0.776 scaler_skips=0 0.4s
  epoch 05/20: train=0.3487 val=0.3571 acc=0.8503 F1=0.7205 grad=0.773 scaler_skips=0 0.4s
  epoch 06/20: train=0.3238 val=0.3352 acc=0.8627 F1=0.7702 grad=0.776 scaler_skips=0 0.4s
  epoch 07/20: train=0.3253 val=0.3349 acc=0.8601 F1=0.7571 grad=0.787 scaler_skips=0 0.4s
  epoch 08/20: train=0.3055 val=0.3169 acc=0.8709 F1=0.7687 grad=0.782 scaler_skips=0 0.4s
  epoch 09/20: train=0.2975 val=0.3098 acc=0.8739 F1=0.7721 grad=0.813 scaler_skips=0 0.4s
  epoch 10/20: train=0.2877 val=0.3039 acc=0.8747 F1=0.7894 grad=0.790 scaler_skips=0 0.4s
  epoch 11/20: train=0.2696 val=0.2845 acc=0.8825 F1=0.8013 grad=0.793 scaler_skips=0 0.4s
  epoch 12/20: train=0.2728 val=0.2879 acc=0.8816 F1=0.8044 grad=0.793 scaler_skips=0 0.4s
  epoch 13/20: train=0.2589 val=0.2755 acc=0.8880 F1=0.8088 grad=0.788 scaler_skips=0 0.4s
  epoch 14/20: train=0.2537 val=0.2712 acc=0.8889 F1=0.8102 grad=0.780 scaler_skips=0 0.4s
  epoch 15/20: train=0.2561 val=0.2731 acc=0.8898 F1=0.8141 grad=0.785 scaler_skips=0 0.4s
  epoch 16/20: train=0.2621 val=0.2815 acc=0.8867 F1=0.8141 grad=0.799 scaler_skips=0 0.4s
  epoch 17/20: train=0.2563 val=0.2736 acc=0.8903 F1=0.8335 grad=0.791 scaler_skips=0 0.4s
  epoch 18/20: train=0.2539 val=0.2728 acc=0.8933 F1=0.8328 grad=0.799 scaler_skips=0 0.4s
  epoch 19/20: train=0.2321 val=0.2538 acc=0.8979 F1=0.8364 grad=0.789 scaler_skips=0 0.4s
  epoch 20/20: train=0.2237 val=0.2448 acc=0.9021 F1=0.8440 grad=0.798 scaler_skips=0 0.4s
amp-fp16: lr=0.05 precision=fp16 step0=2.269062
  epoch 01/20: train=0.4996 val=0.4987 acc=0.7836 F1=0.6141 grad=0.561 scaler_skips=0 0.5s
  epoch 02/20: train=0.4283 val=0.4341 acc=0.8178 F1=0.6919 grad=0.679 scaler_skips=0 0.4s
  epoch 03/20: train=0.3934 val=0.4003 acc=0.8314 F1=0.7153 grad=0.751 scaler_skips=0 0.4s
  epoch 04/20: train=0.3784 val=0.3861 acc=0.8386 F1=0.7263 grad=0.785 scaler_skips=0 0.4s
  epoch 05/20: train=0.3540 val=0.3640 acc=0.8479 F1=0.7158 grad=0.783 scaler_skips=0 0.4s
  epoch 06/20: train=0.3230 val=0.3333 acc=0.8613 F1=0.7636 grad=0.777 scaler_skips=0 0.4s
  epoch 07/20: train=0.3251 val=0.3357 acc=0.8594 F1=0.7586 grad=0.791 scaler_skips=0 0.4s
  epoch 08/20: train=0.3039 val=0.3155 acc=0.8706 F1=0.7744 grad=0.792 scaler_skips=0 0.4s
  epoch 09/20: train=0.3030 val=0.3155 acc=0.8721 F1=0.7617 grad=0.813 scaler_skips=1 0.4s
  epoch 10/20: train=0.2862 val=0.3021 acc=0.8746 F1=0.7896 grad=0.802 scaler_skips=0 0.4s
  epoch 11/20: train=0.2690 val=0.2835 acc=0.8842 F1=0.8040 grad=0.815 scaler_skips=0 0.4s
  epoch 12/20: train=0.2781 val=0.2922 acc=0.8799 F1=0.8072 grad=0.810 scaler_skips=1 0.4s
  epoch 13/20: train=0.2622 val=0.2781 acc=0.8877 F1=0.8142 grad=0.808 scaler_skips=0 0.4s
  epoch 14/20: train=0.2525 val=0.2701 acc=0.8888 F1=0.8095 grad=0.799 scaler_skips=1 0.4s
  epoch 15/20: train=0.2524 val=0.2685 acc=0.8903 F1=0.8149 grad=0.804 scaler_skips=0 0.4s
  epoch 16/20: train=0.2584 val=0.2783 acc=0.8876 F1=0.8148 grad=0.810 scaler_skips=0 0.5s
  epoch 17/20: train=0.2522 val=0.2673 acc=0.8935 F1=0.8309 grad=0.796 scaler_skips=1 0.5s
  epoch 18/20: train=0.2461 val=0.2642 acc=0.8942 F1=0.8337 grad=0.813 scaler_skips=0 0.4s
  epoch 19/20: train=0.2338 val=0.2554 acc=0.8960 F1=0.8314 grad=0.802 scaler_skips=0 0.4s
  epoch 20/20: train=0.2270 val=0.2464 acc=0.9005 F1=0.8420 grad=0.812 scaler_skips=1 0.4s
init-zeros: lr=0.05 precision=fp32 step0=1.945910
  epoch 01/20: train=1.2099 val=1.2053 acc=0.4876 F1=0.0936 grad=0.043 scaler_skips=0 0.3s
  epoch 02/20: train=1.2099 val=1.2053 acc=0.4876 F1=0.0936 grad=0.033 scaler_skips=0 0.3s
  epoch 03/20: train=1.2102 val=1.2057 acc=0.4876 F1=0.0936 grad=0.033 scaler_skips=0 0.3s
  epoch 04/20: train=1.2099 val=1.2055 acc=0.4876 F1=0.0936 grad=0.033 scaler_skips=0 0.3s
  epoch 05/20: train=1.2100 val=1.2054 acc=0.4876 F1=0.0936 grad=0.034 scaler_skips=0 0.3s
  epoch 06/20: train=1.2097 val=1.2052 acc=0.4876 F1=0.0936 grad=0.034 scaler_skips=0 0.3s
  epoch 07/20: train=1.2099 val=1.2053 acc=0.4876 F1=0.0936 grad=0.032 scaler_skips=0 0.3s
  epoch 08/20: train=1.2097 val=1.2052 acc=0.4876 F1=0.0936 grad=0.033 scaler_skips=0 0.3s
  epoch 09/20: train=1.2098 val=1.2053 acc=0.4876 F1=0.0936 grad=0.034 scaler_skips=0 0.3s
  epoch 10/20: train=1.2097 val=1.2052 acc=0.4876 F1=0.0936 grad=0.033 scaler_skips=0 0.3s
  epoch 11/20: train=1.2102 val=1.2055 acc=0.4876 F1=0.0936 grad=0.033 scaler_skips=0 0.3s
  epoch 12/20: train=1.2101 val=1.2055 acc=0.4876 F1=0.0936 grad=0.033 scaler_skips=0 0.3s
  epoch 13/20: train=1.2104 val=1.2058 acc=0.4876 F1=0.0936 grad=0.034 scaler_skips=0 0.3s
  epoch 14/20: train=1.2099 val=1.2053 acc=0.4876 F1=0.0936 grad=0.033 scaler_skips=0 0.3s
  epoch 15/20: train=1.2097 val=1.2052 acc=0.4876 F1=0.0936 grad=0.033 scaler_skips=0 0.3s
  epoch 16/20: train=1.2097 val=1.2052 acc=0.4876 F1=0.0936 grad=0.033 scaler_skips=0 0.3s
  epoch 17/20: train=1.2097 val=1.2052 acc=0.4876 F1=0.0936 grad=0.032 scaler_skips=0 0.3s
  epoch 18/20: train=1.2099 val=1.2053 acc=0.4876 F1=0.0936 grad=0.032 scaler_skips=0 0.3s
  epoch 19/20: train=1.2099 val=1.2054 acc=0.4876 F1=0.0936 grad=0.033 scaler_skips=0 0.3s
  epoch 20/20: train=1.2098 val=1.2052 acc=0.4876 F1=0.0936 grad=0.033 scaler_skips=0 0.3s
init-normal: lr=0.05 precision=fp32 step0=1.945996
  epoch 01/20: train=0.6279 val=0.6254 acc=0.7380 F1=0.4463 grad=0.242 scaler_skips=0 0.3s
  epoch 02/20: train=0.5447 val=0.5461 acc=0.7694 F1=0.5758 grad=0.486 scaler_skips=0 0.3s
  epoch 03/20: train=0.4861 val=0.4882 acc=0.7925 F1=0.6294 grad=0.718 scaler_skips=0 0.3s
  epoch 04/20: train=0.4579 val=0.4595 acc=0.8041 F1=0.6641 grad=0.848 scaler_skips=0 0.3s
  epoch 05/20: train=0.4346 val=0.4390 acc=0.8134 F1=0.6380 grad=0.857 scaler_skips=0 0.3s
  epoch 06/20: train=0.3917 val=0.3957 acc=0.8325 F1=0.7017 grad=0.900 scaler_skips=0 0.3s
  epoch 07/20: train=0.3786 val=0.3838 acc=0.8397 F1=0.6652 grad=0.921 scaler_skips=0 0.3s
  epoch 08/20: train=0.3709 val=0.3779 acc=0.8435 F1=0.7145 grad=0.887 scaler_skips=0 0.3s
  epoch 09/20: train=0.3494 val=0.3574 acc=0.8504 F1=0.7266 grad=0.921 scaler_skips=0 0.3s
  epoch 10/20: train=0.3174 val=0.3274 acc=0.8646 F1=0.7617 grad=0.908 scaler_skips=0 0.3s
  epoch 11/20: train=0.3316 val=0.3379 acc=0.8598 F1=0.7444 grad=0.912 scaler_skips=0 0.3s
  epoch 12/20: train=0.3746 val=0.3827 acc=0.8425 F1=0.7669 grad=0.922 scaler_skips=0 0.3s
  epoch 13/20: train=0.3102 val=0.3200 acc=0.8695 F1=0.7690 grad=0.878 scaler_skips=0 0.3s
  epoch 14/20: train=0.2903 val=0.3011 acc=0.8763 F1=0.7686 grad=0.891 scaler_skips=0 0.3s
  epoch 15/20: train=0.3039 val=0.3161 acc=0.8697 F1=0.7837 grad=0.893 scaler_skips=0 0.3s
  epoch 16/20: train=0.2729 val=0.2877 acc=0.8811 F1=0.7935 grad=0.868 scaler_skips=0 0.3s
  epoch 17/20: train=0.2690 val=0.2799 acc=0.8860 F1=0.8134 grad=0.901 scaler_skips=0 0.3s
  epoch 18/20: train=0.2714 val=0.2845 acc=0.8833 F1=0.8179 grad=0.876 scaler_skips=0 0.3s
  epoch 19/20: train=0.2720 val=0.2889 acc=0.8802 F1=0.8058 grad=0.878 scaler_skips=0 0.3s
  epoch 20/20: train=0.2563 val=0.2682 acc=0.8908 F1=0.8247 grad=0.883 scaler_skips=0 0.3s
init-xavier: lr=0.05 precision=fp32 step0=2.022176
  epoch 01/20: train=0.5226 val=0.5196 acc=0.7729 F1=0.5710 grad=0.492 scaler_skips=0 0.3s
  epoch 02/20: train=0.4483 val=0.4500 acc=0.8113 F1=0.6662 grad=0.693 scaler_skips=0 0.3s
  epoch 03/20: train=0.4183 val=0.4219 acc=0.8217 F1=0.6996 grad=0.815 scaler_skips=0 0.3s
  epoch 04/20: train=0.3777 val=0.3818 acc=0.8413 F1=0.7188 grad=0.846 scaler_skips=0 0.3s
  epoch 05/20: train=0.3764 val=0.3824 acc=0.8412 F1=0.6735 grad=0.854 scaler_skips=0 0.3s
  epoch 06/20: train=0.3312 val=0.3393 acc=0.8588 F1=0.7519 grad=0.837 scaler_skips=0 0.3s
  epoch 07/20: train=0.3403 val=0.3478 acc=0.8560 F1=0.7190 grad=0.869 scaler_skips=0 0.3s
  epoch 08/20: train=0.3212 val=0.3297 acc=0.8650 F1=0.7550 grad=0.855 scaler_skips=0 0.3s
  epoch 09/20: train=0.3106 val=0.3202 acc=0.8652 F1=0.7553 grad=0.869 scaler_skips=0 0.3s
  epoch 10/20: train=0.2960 val=0.3104 acc=0.8718 F1=0.7774 grad=0.848 scaler_skips=0 0.3s
  epoch 11/20: train=0.2831 val=0.2954 acc=0.8790 F1=0.7988 grad=0.853 scaler_skips=0 0.3s
  epoch 12/20: train=0.3170 val=0.3278 acc=0.8661 F1=0.7896 grad=0.858 scaler_skips=0 0.3s
  epoch 13/20: train=0.2699 val=0.2831 acc=0.8860 F1=0.8086 grad=0.856 scaler_skips=0 0.3s
  epoch 14/20: train=0.2586 val=0.2731 acc=0.8879 F1=0.7975 grad=0.841 scaler_skips=0 0.3s
  epoch 15/20: train=0.2635 val=0.2775 acc=0.8879 F1=0.8124 grad=0.862 scaler_skips=0 0.3s
  epoch 16/20: train=0.2883 val=0.3070 acc=0.8749 F1=0.7944 grad=0.844 scaler_skips=0 0.3s
  epoch 17/20: train=0.2798 val=0.2927 acc=0.8820 F1=0.8197 grad=0.840 scaler_skips=0 0.3s
  epoch 18/20: train=0.2422 val=0.2573 acc=0.8963 F1=0.8283 grad=0.834 scaler_skips=0 0.3s
  epoch 19/20: train=0.2402 val=0.2599 acc=0.8940 F1=0.8202 grad=0.840 scaler_skips=0 0.3s
  epoch 20/20: train=0.2519 val=0.2680 acc=0.8942 F1=0.8298 grad=0.839 scaler_skips=0 0.3s
